// Jest Snapshot v1, https://goo.gl/fbAQLP

exports[`GifItem prueba Debe hacer match con el snapshot  1`] = `
<div>
  <div
    class="card"
  >
    <img
      alt="Elden Ring"
      src="https://eldenring.com/"
    />
    <p>
      Elden Ring
    </p>
  </div>
</div>
`;
